pru_pwm_sw.p(    9) : 0x0000 = Label      : PWM_START:
pru_pwm_sw.p(   10) : 0x0000 = 0x2300109e :     call     PWM_GPIO_INIT
pru_pwm_sw.p(   11) : 0x0001 = Label      : LOOP:
pru_pwm_sw.p(   12) : 0x0001 = 0x240001e1 :     mov      r1, 1
pru_pwm_sw.p(   13) : 0x0002 = 0x2300119e :     call     PWM_GPIO_SET_STATE
pru_pwm_sw.p(   15) : 0x0003 = 0x240bebc1 :     mov      r1, 200000000
pru_pwm_sw.p(   15) : 0x0004 = 0x24c20081 :     mov      r1, 200000000
pru_pwm_sw.p(   16) : 0x0005 = 0x23000d9e :     call     WAIT
pru_pwm_sw.p(   18) : 0x0006 = 0x240000e1 :     mov      r1, 0
pru_pwm_sw.p(   19) : 0x0007 = 0x2300119e :     call     PWM_GPIO_SET_STATE
pru_pwm_sw.p(   21) : 0x0008 = 0x240bebc1 :     mov      r1, 200000000
pru_pwm_sw.p(   21) : 0x0009 = 0x24c20081 :     mov      r1, 200000000
pru_pwm_sw.p(   22) : 0x000a = 0x23000d9e :     call     WAIT
pru_pwm_sw.p(   24) : 0x000b = 0x21000100 :     jmp      LOOP
pru_pwm_sw.p(   27) : 0x000c = Label      : PWM_END:
pru_pwm_sw.p(   28) : 0x000c = 0x2a000000 :     halt     
pru_pwm_sw.p(   31) : 0x000d = Label      : WAIT:
pru_pwm_sw.p(   32) : 0x000d = 0x0501e1e1 :     sub      r1, r1, 1
pru_pwm_sw.p(   33) : 0x000e = 0x4f00e1ff :     qblt     WAIT, r1, 0
pru_pwm_sw.p(   34) : 0x000f = 0x209e0000 :     ret      
pru_gpio_func.p(    3) : 0x0010 = Label      : PWM_GPIO_INIT:
pru_gpio_func.p(    4) : 0x0010 = 0x209e0000 :     ret      
pru_gpio_func.p(    6) : 0x0011 = Label      : PWM_GPIO_SET_STATE:
pru_gpio_func.p(    7) : 0x0011 = 0x240000fa :     mov      r26, 0
pru_gpio_func.p(    8) : 0x0012 = 0xf1003a99 :     lbbo     r25, r26, 0, 4
pru_gpio_func.p(    9) : 0x0013 = 0x240000e4 :     mov      r4, 0
pru_gpio_func.p(   10) : 0x0014 = 0x1f15e4e4 :     set      r4, 21
pru_gpio_func.p(   11) : 0x0015 = 0x1f16e4e4 :     set      r4, 22
pru_gpio_func.p(   12) : 0x0016 = 0x1f17e4e4 :     set      r4, 23
pru_gpio_func.p(   13) : 0x0017 = 0x1f18e4e4 :     set      r4, 24
pru_gpio_func.p(   14) : 0x0018 = 0x5100e104 :     qbeq     LED_CLEAR, r1, 0
pru_gpio_func.p(   16) : 0x0019 = Label      : LED_SET:
pru_gpio_func.p(   17) : 0x0019 = 0x0101f9f9 :     add      r25, r25, 1
pru_gpio_func.p(   18) : 0x001a = 0xe1003984 :     sbbo     r4, r25, 0, 4
pru_gpio_func.p(   19) : 0x001b = 0x209e0000 :     ret      
pru_gpio_func.p(   21) : 0x001c = Label      : LED_CLEAR:
pru_gpio_func.p(   22) : 0x001c = 0xe1003984 :     sbbo     r4, r25, 0, 4
pru_gpio_func.p(   23) : 0x001d = 0x209e0000 :     ret      
